Traceback (most recent call last):
  File "/root/python_deckoviz_broken_backup/common/venv/bin/uvicorn", line 6, in <module>
    sys.exit(main())
  File "/root/python_deckoviz_broken_backup/common/venv/lib/python3.10/site-packages/click/core.py", line 1485, in __call__
    return self.main(*args, **kwargs)
  File "/root/python_deckoviz_broken_backup/common/venv/lib/python3.10/site-packages/click/core.py", line 1406, in main
    rv = self.invoke(ctx)
  File "/root/python_deckoviz_broken_backup/common/venv/lib/python3.10/site-packages/click/core.py", line 1269, in invoke
    return ctx.invoke(self.callback, **ctx.params)
  File "/root/python_deckoviz_broken_backup/common/venv/lib/python3.10/site-packages/click/core.py", line 824, in invoke
    return callback(*args, **kwargs)
  File "/root/python_deckoviz_broken_backup/common/venv/lib/python3.10/site-packages/uvicorn/main.py", line 433, in main
    run(
  File "/root/python_deckoviz_broken_backup/common/venv/lib/python3.10/site-packages/uvicorn/main.py", line 606, in run
    server.run()
  File "/root/python_deckoviz_broken_backup/common/venv/lib/python3.10/site-packages/uvicorn/server.py", line 75, in run
    return asyncio_run(self.serve(sockets=sockets), loop_factory=self.config.get_loop_factory())
  File "/root/python_deckoviz_broken_backup/common/venv/lib/python3.10/site-packages/uvicorn/_compat.py", line 60, in asyncio_run
    return loop.run_until_complete(main)
  File "uvloop/loop.pyx", line 1518, in uvloop.loop.Loop.run_until_complete
  File "/root/python_deckoviz_broken_backup/common/venv/lib/python3.10/site-packages/uvicorn/server.py", line 79, in serve
    await self._serve(sockets)
  File "/root/python_deckoviz_broken_backup/common/venv/lib/python3.10/site-packages/uvicorn/server.py", line 86, in _serve
    config.load()
  File "/root/python_deckoviz_broken_backup/common/venv/lib/python3.10/site-packages/uvicorn/config.py", line 441, in load
    self.loaded_app = import_from_string(self.app)
  File "/root/python_deckoviz_broken_backup/common/venv/lib/python3.10/site-packages/uvicorn/importer.py", line 19, in import_from_string
    module = importlib.import_module(module_str)
  File "/usr/lib/python3.10/importlib/__init__.py", line 126, in import_module
    return _bootstrap._gcd_import(name[level:], package, level)
  File "<frozen importlib._bootstrap>", line 1050, in _gcd_import
  File "<frozen importlib._bootstrap>", line 1027, in _find_and_load
  File "<frozen importlib._bootstrap>", line 1006, in _find_and_load_unlocked
  File "<frozen importlib._bootstrap>", line 688, in _load_unlocked
  File "<frozen importlib._bootstrap_external>", line 883, in exec_module
  File "<frozen importlib._bootstrap>", line 241, in _call_with_frames_removed
  File "/root/python_deckoviz_broken_backup/api/main.py", line 2, in <module>
    from fastapi import FastAPI, Depends
  File "/root/python_deckoviz_broken_backup/common/venv/lib/python3.10/site-packages/fastapi/__init__.py", line 7, in <module>
    from .applications import FastAPI as FastAPI
  File "/root/python_deckoviz_broken_backup/common/venv/lib/python3.10/site-packages/fastapi/applications.py", line 10, in <module>
    from fastapi import routing
  File "/root/python_deckoviz_broken_backup/common/venv/lib/python3.10/site-packages/fastapi/routing.py", line 34, in <module>
    from fastapi import params
  File "/root/python_deckoviz_broken_backup/common/venv/lib/python3.10/site-packages/fastapi/params.py", line 7, in <module>
    from fastapi.exceptions import FastAPIDeprecationWarning
  File "/root/python_deckoviz_broken_backup/common/venv/lib/python3.10/site-packages/fastapi/exceptions.py", line 5, in <module>
    from pydantic import BaseModel, create_model
  File "/root/python_deckoviz_broken_backup/common/venv/lib/python3.10/site-packages/pydantic/__init__.py", line 5, in <module>
    from ._migration import getattr_migration
  File "/root/python_deckoviz_broken_backup/common/venv/lib/python3.10/site-packages/pydantic/_migration.py", line 4, in <module>
    from pydantic.warnings import PydanticDeprecatedSince20
  File "/root/python_deckoviz_broken_backup/common/venv/lib/python3.10/site-packages/pydantic/warnings.py", line 5, in <module>
    from .version import version_short
  File "/root/python_deckoviz_broken_backup/common/venv/lib/python3.10/site-packages/pydantic/version.py", line 7, in <module>
    from pydantic_core import __version__ as __pydantic_core_version__
  File "/root/python_deckoviz_broken_backup/common/venv/lib/python3.10/site-packages/pydantic_core/__init__.py", line 6, in <module>
    from typing_extensions import Sentinel
ImportError: cannot import name 'Sentinel' from 'typing_extensions' (/root/python_deckoviz_broken_backup/common/venv/lib/python3.10/site-packages/typing_extensions.py)
